// Jest Snapshot v1, https://goo.gl/fbAQLP

exports[`<Select /> match snapshot 1`] = `
<div
  className="relative w-40"
>
  <button
    className="bg-white border-2 border-gray-600 rounded cursor-pointer"
    data-testid="button"
    onClick={[Function]}
    type="button"
  >
    <div
      className="flex"
    >
      <p
        className="py-1 w-24"
        data-testid="value"
      >
        Chose one...
      </p>
      <div
        className="border-l-2 border-gray-600 flex items-center justify-center px-1"
      >
        <svg
          className="text-black"
          fill="currentColor"
          height={24}
          size={24}
          stroke="currentColor"
          strokeWidth="0"
          style={
            Object {
              "color": undefined,
            }
          }
          viewBox="0 0 24 24"
          width={24}
          xmlns="http://www.w3.org/2000/svg"
        >
          <path
            d="M7.41 7.84L12 12.42l4.59-4.58L18 9.25l-6 6-6-6z"
          />
        </svg>
      </div>
    </div>
  </button>
</div>
`;
